// Jest Snapshot v1, https://goo.gl/fbAQLP

exports[`App.vue matches the snapshot 1`] = `
<div
  id="app"
>
  <h1>
    hello
  </h1>
   
  <button>
    login
  </button>
   
  <!---->
   
  <!---->
  
  

</div>
`;
